// Jest Snapshot v1, https://goo.gl/fbAQLP

exports[`<ProgressBar /> ProgressBar Component renders correctly 1`] = `
<View
  animated={true}
  animationConfig={
    Object {
      "bounciness": 0,
    }
  }
  animationType="spring"
  indeterminate={true}
  indeterminateAnimationDuration={1000}
  onLayout={[Function]}
  progress={0}
  style={
    Array [
      Object {
        "backgroundColor": undefined,
        "borderColor": "#8870e6",
        "borderRadius": 4,
        "borderWidth": 1,
        "overflow": "hidden",
        "width": 250,
      },
      Object {
        "margin": 10,
      },
    ]
  }
  useNativeDriver={false}
>
  <View
    style={
      Object {
        "backgroundColor": "#8870e6",
        "height": 6,
        "transform": Array [
          Object {
            "translateX": -74.39999999999999,
          },
          Object {
            "translateX": -86.80000000000001,
          },
          Object {
            "scaleX": 0.30007,
          },
        ],
      }
    }
  />
</View>
`;

exports[`<UploadDocumentController /> UploadDocumentController Component renders correctly 1`] = `
<View
  style={
    Object {
      "alignItems": "center",
      "padding": 15,
    }
  }
>
  <Text
    style={
      Object {
        "fontSize": 20,
        "marginBottom": 20,
        "textAlign": "center",
      }
    }
  >
    Upload Document for:
    <Text
      style={
        Object {
          "fontWeight": "bold",
        }
      }
    >
       
    </Text>
  </Text>
  <View
    style={
      Object {
        "paddingHorizontal": 10,
        "width": "100%",
      }
    }
  >
    <View
      style={
        Object {
          "alignItems": "center",
          "borderBottomWidth": 1,
          "borderColor": "#86939e",
          "flexDirection": "row",
          "transform": Array [
            Object {
              "translateX": 0,
            },
          ],
        }
      }
    >
      <View
        style={
          Object {
            "alignItems": "center",
            "height": 40,
            "justifyContent": "center",
            "marginVertical": 4,
            "paddingRight": 4,
          }
        }
      >
        <View
          style={
            Object {
              "overflow": "hidden",
            }
          }
        >
          <View>
            <View
              style={
                Object {
                  "alignItems": "center",
                  "backgroundColor": "transparent",
                  "justifyContent": "center",
                }
              }
            >
              <Text />
            </View>
          </View>
        </View>
      </View>
      <TextInput
        allowFontScaling={true}
        editable={true}
        onChangeText={[Function]}
        placeholder="Document Title"
        placeholderTextColor="#86939e"
        rejectResponderTermination={true}
        style={
          Object {
            "color": "#242424",
            "flex": 1,
            "fontSize": 18,
            "minHeight": 40,
          }
        }
        testID="RNE__Input__text-input"
        underlineColorAndroid="transparent"
        value=""
      />
    </View>
    <Text
      style={
        Object {
          "color": "#ff190c",
          "fontSize": 12,
          "margin": 5,
        }
      }
    />
  </View>
  <View
    style={
      Array [
        Object {
          "borderRadius": 3,
          "overflow": "hidden",
        },
        Object {
          "borderRadius": 3,
        },
        undefined,
        false,
      ]
    }
  >
    <View
      accessibilityRole="button"
      accessibilityState={
        Object {
          "busy": false,
          "disabled": false,
        }
      }
      accessible={true}
      focusable={true}
      onClick={[Function]}
      onResponderGrant={[Function]}
      onResponderMove={[Function]}
      onResponderRelease={[Function]}
      onResponderTerminate={[Function]}
      onResponderTerminationRequest={[Function]}
      onStartShouldSetResponder={[Function]}
      style={
        Object {
          "opacity": 1,
        }
      }
    >
      <View
        style={
          Object {
            "alignItems": "center",
            "backgroundColor": "#2089dc",
            "borderColor": "#2089dc",
            "borderRadius": 10,
            "borderWidth": 0,
            "flexDirection": "row",
            "justifyContent": "center",
            "marginTop": 30,
            "padding": 8,
          }
        }
      >
        <View
          style={
            Object {
              "overflow": "hidden",
            }
          }
        >
          <View
            style={
              Object {
                "marginRight": 10,
              }
            }
          >
            <View
              style={
                Object {
                  "alignItems": "center",
                  "backgroundColor": "transparent",
                  "justifyContent": "center",
                }
              }
            >
              <Text />
            </View>
          </View>
        </View>
        <Text
          style={
            Object {
              "color": "white",
              "fontSize": 18,
              "paddingVertical": 1,
              "textAlign": "center",
            }
          }
        >
          Choose Image
        </Text>
      </View>
    </View>
  </View>
  <View
    style={
      Array [
        Object {
          "borderRadius": 3,
          "overflow": "hidden",
        },
        Object {
          "borderRadius": 3,
        },
        undefined,
        false,
      ]
    }
  >
    <View
      accessibilityRole="button"
      accessibilityState={
        Object {
          "busy": false,
          "disabled": false,
        }
      }
      accessible={true}
      focusable={true}
      onClick={[Function]}
      onResponderGrant={[Function]}
      onResponderMove={[Function]}
      onResponderRelease={[Function]}
      onResponderTerminate={[Function]}
      onResponderTerminationRequest={[Function]}
      onStartShouldSetResponder={[Function]}
      style={
        Object {
          "opacity": 1,
        }
      }
    >
      <View
        style={
          Object {
            "alignItems": "center",
            "backgroundColor": "#2089dc",
            "borderColor": "#2089dc",
            "borderRadius": 10,
            "borderWidth": 0,
            "flexDirection": "row",
            "justifyContent": "center",
            "marginTop": 30,
            "padding": 8,
          }
        }
      >
        <View
          style={
            Object {
              "overflow": "hidden",
            }
          }
        >
          <View
            style={
              Object {
                "marginRight": 10,
              }
            }
          >
            <View
              style={
                Object {
                  "alignItems": "center",
                  "backgroundColor": "transparent",
                  "justifyContent": "center",
                }
              }
            >
              <Text />
            </View>
          </View>
        </View>
        <Text
          style={
            Object {
              "color": "white",
              "fontSize": 18,
              "paddingVertical": 1,
              "textAlign": "center",
            }
          }
        >
          Choose Document
        </Text>
      </View>
    </View>
  </View>
  <View
    style={
      Array [
        Object {
          "borderRadius": 3,
          "overflow": "hidden",
        },
        Object {
          "borderRadius": 3,
        },
        undefined,
        false,
      ]
    }
  >
    <View
      accessibilityRole="button"
      accessibilityState={
        Object {
          "busy": false,
          "disabled": false,
        }
      }
      accessible={true}
      focusable={true}
      onClick={[Function]}
      onResponderGrant={[Function]}
      onResponderMove={[Function]}
      onResponderRelease={[Function]}
      onResponderTerminate={[Function]}
      onResponderTerminationRequest={[Function]}
      onStartShouldSetResponder={[Function]}
      style={
        Object {
          "opacity": 1,
        }
      }
    >
      <View
        style={
          Object {
            "alignItems": "center",
            "backgroundColor": "red",
            "borderColor": "#2089dc",
            "borderRadius": 10,
            "borderWidth": 0,
            "flexDirection": "row",
            "justifyContent": "center",
            "marginTop": 30,
            "padding": 8,
          }
        }
      >
        <View
          style={
            Object {
              "overflow": "hidden",
            }
          }
        >
          <View
            style={
              Object {
                "marginRight": 10,
              }
            }
          >
            <View
              style={
                Object {
                  "alignItems": "center",
                  "backgroundColor": "transparent",
                  "justifyContent": "center",
                }
              }
            >
              <Text />
            </View>
          </View>
        </View>
        <Text
          style={
            Object {
              "color": "white",
              "fontSize": 18,
              "paddingVertical": 1,
              "textAlign": "center",
            }
          }
        >
          Cancel
        </Text>
      </View>
    </View>
  </View>
</View>
`;
